[038月2026 14:32:43.956] [main/INFO] [net.neoforged.fml.startup.Entrypoint/]: JVM Uptime at startup: 183ms
[038月2026 14:32:43.971] [main/INFO] [net.neoforged.fml.loading.FMLLoader/]: Starting FancyModLoader version 11.0.15 (CLIENT in DEV)
[038月2026 14:32:43.973] [main/INFO] [net.neoforged.fml.loading.FMLLoader/]: Game directory: C:\Users\payor\Desktop\OngoingProject\DevcontainerUsing\WithoutContainer\AuctionMod_DevContainer\auction-mod-dev-container\runs\client
[038月2026 14:32:44.038] [main/INFO] [net.neoforged.fml.loading.EarlyServiceDiscovery/]: Found 2 early service jars (out of 111) in 27ms
[038月2026 14:32:44.040] [main/INFO] [net.neoforged.fml.loading.FMLLoader/]: Loading FML Early Services:
[038月2026 14:32:44.040] [main/INFO] [net.neoforged.fml.loading.FMLLoader/]:  - C:/Users/payor/.gradle/caches/modules-2/files-2.1/net.neoforged.fancymodloader/loader/11.0.15/69ddd98736a6b095783523404d1af8992842722/loader-11.0.15.jar
[038月2026 14:32:44.041] [main/INFO] [net.neoforged.fml.loading.FMLLoader/]:  - C:/Users/payor/.gradle/caches/modules-2/files-2.1/net.neoforged.fancymodloader/earlydisplay/11.0.15/b254aa4ec40828f8ce65411dcb7fb9f6ce008064/earlydisplay-11.0.15.jar
[038月2026 14:32:44.046] [main/INFO] [net.neoforged.fml.loading.ImmediateWindowHandler/]: Loading ImmediateWindowProvider fmlearlywindow
[038月2026 14:32:44.890] [ForkJoinPool.commonPool-worker-2/INFO] [net.neoforged.fml.loading.moddiscovery.locators.GameLocator/]: Detected a joined NeoForge and Minecraft configuration. Applying filtering...
[038月2026 14:32:44.931] [fml-loadingscreen/INFO] [net.neoforged.fml.earlydisplay.render.LoadingScreenRenderer/]: GL info: AMD Radeon(TM) Graphics GL version 3.3.14761 Core Profile Forward-Compatible Context 21.30.40 30.0.13040.13, ATI Technologies Inc.
[038月2026 14:32:44.998] [ForkJoinPool.commonPool-worker-2/INFO] [net.neoforged.fml.loading.moddiscovery.locators.InDevFolderLocator/CORE]: Got mod coordinates auction-mod-app%%C:\Users\payor\Desktop\OngoingProject\DevcontainerUsing\WithoutContainer\AuctionMod_DevContainer\auction-mod-dev-container\build\resources\main;auction-mod-app%%C:\Users\payor\Desktop\OngoingProject\DevcontainerUsing\WithoutContainer\AuctionMod_DevContainer\auction-mod-dev-container\build\classes\java\main from env
[038月2026 14:32:45.155] [ForkJoinPool.commonPool-worker-2/WARN] [net.neoforged.jarjar.selection.JarSelector/]: Attempted to select a dependency jar for JarJar which was passed in as source: library:mixinextras.neoforge. Using jar(C:/Users/payor/.gradle/caches/modules-2/files-2.1/io.github.llamalad7/mixinextras-neoforge/0.5.4/3cb0fec08c25e18fddf797fbdc1b9db83dc4e92f/mixinextras-neoforge-0.5.4.jar)
[038月2026 14:32:45.157] [ForkJoinPool.commonPool-worker-2/INFO] [net.neoforged.fml.loading.moddiscovery.locators.JarInJarDependencyLocator/]: Found 1 dependencies adding them to mods collection
[038月2026 14:32:45.158] [ForkJoinPool.commonPool-worker-2/INFO] [net.neoforged.fml.loading.moddiscovery.ModDiscoverer/]: 
     Mod List:
		Name Version (Mod Id)

		AuctionMod 1.0.0 (auctionmod)
		Minecraft 26.1.2 (minecraft)
		NeoForge 26.1.2.84 (neoforge)
[038月2026 14:32:45.449] [main/INFO] [mixin/]: SpongePowered MIXIN Subsystem Version=0.8.7 Source=file:/C:/Users/payor/.gradle/caches/modules-2/files-2.1/net.fabricmc/sponge-mixin/0.17.3+mixin.0.8.7/41c4a3984a80f4679e759fb9f495587acc5cdac7/sponge-mixin-0.17.3+mixin.0.8.7.jar Service=FML Env=CLIENT
[038月2026 14:32:45.497] [main/INFO] [net.neoforged.fml.loading.FMLLoader/]: Loading FML Plugins:
[038月2026 14:32:45.499] [main/INFO] [net.neoforged.fml.loading.FMLLoader/]:  - C:/Users/payor/.gradle/caches/modules-2/files-2.1/net.neoforged/neoforge/26.1.2.84/b725526a2fab2163b9a0a8ce89d435d7cd5d8a88/neoforge-26.1.2.84-universal.jar > net.neoforged.neoforge-coremods-26.1.2.84.jar
[038月2026 14:32:45.625] [main/INFO] [net.neoforged.fml.loading.FMLLoader/]: Building game content classloader:
 - auctionmod (composite(folder(C:/Users/payor/Desktop/OngoingProject/DevcontainerUsing/WithoutContainer/AuctionMod_DevContainer/auction-mod-dev-container/build/resources/main), folder(C:/Users/payor/Desktop/OngoingProject/DevcontainerUsing/WithoutContainer/AuctionMod_DevContainer/auction-mod-dev-container/build/classes/java/main)))
 - minecraft (composite(filtered(jar(C:/Users/payor/Desktop/OngoingProject/DevcontainerUsing/WithoutContainer/AuctionMod_DevContainer/auction-mod-dev-container/.gradle/repositories/ng_dummy_ng/net/neoforged/neoforge/26.1.2.84/neoforge-26.1.2.84.jar)), filtered(jar(C:/Users/payor/Desktop/OngoingProject/DevcontainerUsing/WithoutContainer/AuctionMod_DevContainer/auction-mod-dev-container/.gradle/repositories/ng_dummy_ng/net/neoforged/neoforge/26.1.2.84/neoforge-26.1.2.84.jar))))
 - mixinextras.neoforge (jar(C:/Users/payor/.gradle/caches/modules-2/files-2.1/io.github.llamalad7/mixinextras-neoforge/0.5.4/3cb0fec08c25e18fddf797fbdc1b9db83dc4e92f/mixinextras-neoforge-0.5.4.jar))
 - neoforge (composite(filtered(jar(C:/Users/payor/.gradle/caches/modules-2/files-2.1/net.neoforged/neoforge/26.1.2.84/b725526a2fab2163b9a0a8ce89d435d7cd5d8a88/neoforge-26.1.2.84-universal.jar))))
 - net.neoforged.fml.generated (empty(VirtualJar/net.neoforged.fml.generated))
[038月2026 14:32:45.644] [main/INFO] [net.neoforged.fml.loading.FMLLoader/]: Built game content classloader in 30ms
[038月2026 14:32:46.947] [Datafixer Bootstrap/INFO] [com.mojang.datafixers.DataFixerBuilder/]: 294 Datafixer optimizations took 306 milliseconds
[038月2026 14:32:47.053] [pool-8-thread-1/INFO] [MixinExtras|Service/]: Initializing MixinExtras via com.llamalad7.mixinextras.service.MixinExtrasServiceImpl(version=0.5.4).
[038月2026 14:32:51.317] [main/WARN] [net.minecraft.commands.Commands/]: Ambiguity between arguments [teleport, location] and [teleport, destination] with inputs: [0.1 -0.5 .9, 0 0 0]
[038月2026 14:32:51.318] [main/WARN] [net.minecraft.commands.Commands/]: Ambiguity between arguments [teleport, location] and [teleport, targets] with inputs: [0.1 -0.5 .9, 0 0 0]
[038月2026 14:32:51.323] [main/WARN] [net.minecraft.commands.Commands/]: Ambiguity between arguments [teleport, destination] and [teleport, targets] with inputs: [Player, 0123, @e, dd12be42-52a9-4a91-a8a1-11c01849e498]
[038月2026 14:32:51.324] [main/WARN] [net.minecraft.commands.Commands/]: Ambiguity between arguments [teleport, targets] and [teleport, destination] with inputs: [Player, 0123, dd12be42-52a9-4a91-a8a1-11c01849e498]
[038月2026 14:32:51.326] [main/WARN] [net.minecraft.commands.Commands/]: Ambiguity between arguments [teleport, targets, location] and [teleport, targets, destination] with inputs: [0.1 -0.5 .9, 0 0 0]
[038月2026 14:32:51.326] [main/WARN] [net.minecraft.commands.Commands/]: Ambiguity between arguments [time, set, time] and [time, set, timemarker] with inputs: [0, 0s, 0d, 0t]
[038月2026 14:32:51.327] [main/WARN] [net.minecraft.commands.Commands/]: Ambiguity between arguments [time, set, timemarker] and [time, set, time] with inputs: [012]
[038月2026 14:32:51.330] [main/WARN] [net.minecraft.commands.Commands/]: Ambiguity between arguments [time, of, clock, set, time] and [time, of, clock, set, timemarker] with inputs: [0, 0s, 0d, 0t]
[038月2026 14:32:51.332] [main/WARN] [net.minecraft.commands.Commands/]: Ambiguity between arguments [time, of, clock, set, timemarker] and [time, of, clock, set, time] with inputs: [012]
[038月2026 14:32:51.332] [main/WARN] [net.minecraft.commands.Commands/]: Ambiguity between arguments [waypoint, modify, waypoint, color, reset] and [waypoint, modify, waypoint, color, color] with inputs: [reset]
[038月2026 14:32:51.394] [modloading-worker-0/INFO] [net.neoforged.neoforge.common.NeoForgeMod/NEOFORGE-MOD]: NeoForge mod loading, version 26.1.2.84, for MC 26.1.2
[038月2026 14:32:51.642] [main/FATAL] [net.neoforged.fml.ModLoader/LOADING]: Failed to wait for future Mod Construction, 1 errors found
[038月2026 14:32:51.889] [main/FATAL] [net.neoforged.neoforge.common.NeoForgeMod/]: Preparing crash report with UUID ecb9be04-10c4-4d1d-9851-2a17995fde90
[038月2026 14:32:51.901] [main/FATAL] [net.neoforged.neoforge.common.NeoForgeMod/]: Preparing crash report with UUID a7723d3a-1fd9-4ce4-ab0e-7abd22b848b0
